  [photography contract template] $0.0040 | total $0.0040
  [photography invoice template] $0.0040 | total $0.0080
  [wedding photography contract] $0.0040 | total $0.0120
  [photo release form] $0.0040 | total $0.0160
  [model release form] $0.0040 | total $0.0200
  [print release form photography] $0.0040 | total $0.0240
  [photographer invoice] $0.0040 | total $0.0280
  [photography invoice] $0.0040 | total $0.0320
  [sample photography contract] $0.0040 | total $0.0360
  [photographer contract] $0.0040 | total $0.0400
  [mini session contract] $0.0040 | total $0.0440
  [second shooter contract] $0.0040 | total $0.0480
  [photography pricing guide template] $0.0040 | total $0.0520
  [how to start a photography busines] $0.0040 | total $0.0560
  [photography business plan] $0.0040 | total $0.0600
  [starting a photography business] $0.0040 | total $0.0640
  [pricing photography] $0.0040 | total $0.0680
  [mini sessions for photography] $0.0040 | total $0.0720
  [proofing images] $0.0040 | total $0.0760
  [photo proofing software] $0.0040 | total $0.0800
  [photography workflow software] $0.0040 | total $0.0840
  [wedding guest photo sharing] $0.0040 | total $0.0880
  [share wedding photos with guests] $0.0040 | total $0.0920
  [guests upload wedding photos] $0.0040 | total $0.0960
  [how to share wedding photos with g] $0.0040 | total $0.1000
  [how to deliver photos to clients] $0.0040 | total $0.1040
  [photography portfolio websites] $0.0040 | total $0.1080
  [photographer portfolio websites] $0.0040 | total $0.1120
  [photo galleries for photographers] $0.0040 | total $0.1160

  soft  keyword                                    top 5 domains
  ------------------------------------------------------------------------------------------------
     3  mini session contract                      jentilleyphotography.com, meagannelson.com, www.facebook.com, www.youtube.com, www.reddit.com
     2  print release form photography             www.lightfolio.com, www.reddit.com, www.ppa.com, www.jotform.com, www.pinterest.com
     2  photography invoice                        www.lightfolio.com, www.reddit.com, www.invoicesimple.com, www.adobe.com, www.youtube.com
     2  guests upload wedding photos               www.reddit.com, guestpix.com, www.theknot.com, weduploader.com, www.facebook.com
     2  how to deliver photos to clients           pixieset.com, www.reddit.com, www.facebook.com, www.dropbox.com, www.picdrop.com
     1  photography contract template              pixieset.com, www.reddit.com, www.ppa.com, legaltemplates.net, esign.com
     1  photography invoice template               www.lightfolio.com, www.invoicesimple.com, quickbooks.intuit.com, www.pinterest.com, www.billdu.com
     1  wedding photography contract               www.kristenmarieparker.com, joymichelle.co, www.reddit.com, www.lexiafrank.com, www.lightfolio.com
     1  model release form                         esign.com, www.studiobinder.com, www.reddit.com, www.cineviewstudios.com, rps.org
     1  photographer invoice                       www.lightfolio.com, www.reddit.com, quickbooks.intuit.com, www.adobe.com, www.sumup.com
     1  sample photography contract                pixieset.com, www.nicoledaackephotography.com, www.reddit.com, www.ppa.com, legaltemplates.net
     1  photographer contract                      www.lightfolio.com, www.reddit.com, pixieset.com, legaltemplates.net, kernochan.law.columbia.edu
     1  second shooter contract                    www.lightfolio.com, www.nicoleryanphoto.com, www.reddit.com, dawncharles.com, thelegalpaige.com
     1  photography pricing guide template         www.canva.com, saltedpages.com, www.pinterest.com, venngage.com, lolamelaniacademy.com
     1  how to start a photography business        taileephotography.com, www.reddit.com, brennaheater.com, www.michellerosephoto.com, www.nyip.edu
     1  photography business plan                  catieronquillo.com, www.reddit.com, zenfolio.com, www.liveplan.com, brennaheater.com
     1  starting a photography business            taileephotography.com, www.reddit.com, brennaheater.com, www.michellerosephoto.com, www.nyip.edu
     1  pricing photography                        www.reddit.com, www.format.com, www.georgewheelhouse.com, www.cradocfotosoftware.com, www.vsco.co
     1  mini sessions for photography              www.reddit.com, beccasuephotography.com, brennaheater.com, www.laurengarrisonphotography.com, www.sarahmarchwianyphotography.com
     1  photo proofing software                    zenfolio.com, www.reddit.com, www.picdrop.com, aftershoot.com, reviewstudio.com
     1  photography workflow software              wildconnectionsphotography.com, blog.fidelramos.net, www.reddit.com, imagen-ai.com, www.creativeforce.io
     1  wedding guest photo sharing                www.reddit.com, guestpix.com, www.theknot.com, guestcam.co, weduploader.com
     1  share wedding photos with guests           www.reddit.com, guestpix.com, www.boho-weddings.com, www.theknot.com, weduploader.com
     1  how to share wedding photos with guests    www.reddit.com, www.boho-weddings.com, weduploader.com, shootdotedit.com, thehoncho.app
     1  photography portfolio websites             pixieset.com, www.reddit.com, portfolio.adobe.com, www.wix.com, www.sitebuilderreport.com
     1  photographer portfolio websites            pixieset.com, www.reddit.com, www.booooooom.com, portfolio.adobe.com, www.sitebuilderreport.com
     1  photo galleries for photographers          pixieset.com, www.passgallery.com, www.reddit.com, www.lightfolio.com, cloudspot.io
     0  photo release form                         redwoodsgroup.com, www.centerforengagedlearning.org, oui.doleta.gov, www.fedbar.org, www.jotform.com
     0  proofing images                            www.imagely.com, www.lightfolio.com, www.wearememorycatchers.com, blog.pixieset.com, imagen-ai.com

  photovault.photo appears in top 20 for: 0 of 29

=== SPEND: $0.1160 ===
